Archive member included to satisfy reference by file (symbol)

lib/avr-can-lib/src//libcan.a(mcp2515.o)
                              obj/main.o (can_init)
lib/avr-can-lib/src//libcan.a(mcp2515_buffer.o)
                              obj/can_app.o (can_check_message)
lib/avr-can-lib/src//libcan.a(mcp2515_get_message.o)
                              obj/can_app.o (can_get_message)
lib/avr-can-lib/src//libcan.a(mcp2515_send_message.o)
                              obj/can_app.o (can_send_message)
lib/avr-can-lib/src//libcan.a(mcp2515_static_filter.o)
                              obj/main.o (can_static_filter)
lib/avr-can-lib/src//libcan.a(mcp2515_write_id.o)
                              lib/avr-can-lib/src//libcan.a(mcp2515_send_message.o) (mcp2515_write_id)
lib/avr-can-lib/src//libcan.a(mcp2515_read_id.o)
                              lib/avr-can-lib/src//libcan.a(mcp2515_get_message.o) (mcp2515_read_id)
lib/avr-can-lib/src//libcan.a(mcp2515_error_register.o)
                              obj/can_app.o (can_read_error_register)
lib/avr-can-lib/src//libcan.a(spi.o)
                              lib/avr-can-lib/src//libcan.a(mcp2515.o) (mcp2515_spi_init)
/usr/lib/gcc/avr/8.3.0/avr5/libgcc.a(_udivmodqi4.o)
                              obj/usart.o (__udivmodqi4)
/usr/lib/gcc/avr/8.3.0/avr5/libgcc.a(_divmodqi4.o)
                              obj/usart.o (__divmodqi4)
/usr/lib/gcc/avr/8.3.0/avr5/libgcc.a(_udivmodhi4.o)
                              obj/usart.o (__udivmodhi4)
/usr/lib/gcc/avr/8.3.0/avr5/libgcc.a(_divmodhi4.o)
                              obj/usart.o (__divmodhi4)
/usr/lib/gcc/avr/8.3.0/avr5/libgcc.a(_udivmodsi4.o)
                              obj/usart.o (__udivmodsi4)
/usr/lib/gcc/avr/8.3.0/avr5/libgcc.a(_divmodsi4.o)
                              obj/usart.o (__divmodsi4)
/usr/lib/gcc/avr/8.3.0/avr5/libgcc.a(_negsi2.o)
                              /usr/lib/gcc/avr/8.3.0/avr5/libgcc.a(_divmodsi4.o) (__negsi2)
/usr/lib/gcc/avr/8.3.0/avr5/libgcc.a(_exit.o)
                              /usr/lib/gcc/avr/8.3.0/../../../../avr/lib/avr5/crtatmega328p.o (exit)
/usr/lib/gcc/avr/8.3.0/avr5/libgcc.a(_copy_data.o)
                              obj/machine.o (__do_copy_data)
/usr/lib/gcc/avr/8.3.0/avr5/libgcc.a(_clear_bss.o)
                              obj/machine.o (__do_clear_bss)
/usr/lib/gcc/avr/8.3.0/avr5/libgcc.a(_udivdi3.o)
                              obj/can_app.o (__udivdi3)
/usr/lib/gcc/avr/8.3.0/avr5/libgcc.a(_udivmod64.o)
                              /usr/lib/gcc/avr/8.3.0/avr5/libgcc.a(_udivdi3.o) (__udivmod64)
/usr/lib/gcc/avr/8.3.0/avr5/libgcc.a(_adddi3.o)
                              obj/machine.o (__adddi3)

Allocating common symbols
Common symbol       size              file

reset_clk           0x1               obj/machine.o
led_clk_div         0x1               obj/machine.o
system_flags        0x1               obj/machine.o
measurements        0x20              obj/machine.o
machine_clk_divider
                    0x1               obj/machine.o
state_machine       0x2               obj/machine.o
first_boat_off      0x1               obj/machine.o
can_app_send_state_clk_div
                    0x4               obj/machine.o
adc                 0x13              obj/machine.o
relay_clk           0x1               obj/machine.o
error_flags         0x1               obj/machine.o
machine_clk         0x1               obj/machine.o
total_errors        0x1               obj/machine.o
can_app_send_adc_clk_div
                    0x4               obj/machine.o
charge_count_error  0x2               obj/machine.o

Memory Configuration

Name             Origin             Length             Attributes
text             0x0000000000000000 0x0000000000020000 xr
data             0x0000000000800060 0x000000000000ffa0 rw !x
eeprom           0x0000000000810000 0x0000000000010000 rw !x
fuse             0x0000000000820000 0x0000000000000400 rw !x
lock             0x0000000000830000 0x0000000000000400 rw !x
signature        0x0000000000840000 0x0000000000000400 rw !x
user_signatures  0x0000000000850000 0x0000000000000400 rw !x
*default*        0x0000000000000000 0xffffffffffffffff

Linker script and memory map

Address of section .data set to 0x800100
LOAD /usr/lib/gcc/avr/8.3.0/../../../../avr/lib/avr5/crtatmega328p.o
LOAD obj/machine.o
LOAD obj/usart.o
LOAD obj/can_app.o
LOAD obj/adc.o
LOAD obj/main.o
LOAD lib/avr-can-lib/src//libcan.a
START GROUP
LOAD /usr/lib/gcc/avr/8.3.0/avr5/libgcc.a
LOAD /usr/lib/gcc/avr/8.3.0/../../../../avr/lib/avr5/libm.a
LOAD /usr/lib/gcc/avr/8.3.0/../../../../avr/lib/avr5/libc.a
LOAD /usr/lib/gcc/avr/8.3.0/../../../../avr/lib/avr5/libatmega328p.a
END GROUP
                0x0000000000020000                __TEXT_REGION_LENGTH__ = DEFINED (__TEXT_REGION_LENGTH__)?__TEXT_REGION_LENGTH__:0x20000
                0x000000000000ffa0                __DATA_REGION_LENGTH__ = DEFINED (__DATA_REGION_LENGTH__)?__DATA_REGION_LENGTH__:0xffa0
                0x0000000000010000                __EEPROM_REGION_LENGTH__ = DEFINED (__EEPROM_REGION_LENGTH__)?__EEPROM_REGION_LENGTH__:0x10000
                0x0000000000000400                __FUSE_REGION_LENGTH__ = DEFINED (__FUSE_REGION_LENGTH__)?__FUSE_REGION_LENGTH__:0x400
                0x0000000000000400                __LOCK_REGION_LENGTH__ = DEFINED (__LOCK_REGION_LENGTH__)?__LOCK_REGION_LENGTH__:0x400
                0x0000000000000400                __SIGNATURE_REGION_LENGTH__ = DEFINED (__SIGNATURE_REGION_LENGTH__)?__SIGNATURE_REGION_LENGTH__:0x400
                0x0000000000000400                __USER_SIGNATURE_REGION_LENGTH__ = DEFINED (__USER_SIGNATURE_REGION_LENGTH__)?__USER_SIGNATURE_REGION_LENGTH__:0x400

.hash
 *(.hash)

.dynsym
 *(.dynsym)

.dynstr
 *(.dynstr)

.gnu.version
 *(.gnu.version)

.gnu.version_d
 *(.gnu.version_d)

.gnu.version_r
 *(.gnu.version_r)

.rel.init
 *(.rel.init)

.rela.init
 *(.rela.init)

.rel.text
 *(.rel.text)
 *(.rel.text.*)
 *(.rel.gnu.linkonce.t*)

.rela.text
 *(.rela.text)
 *(.rela.text.*)
 *(.rela.gnu.linkonce.t*)

.rel.fini
 *(.rel.fini)

.rela.fini
 *(.rela.fini)

.rel.rodata
 *(.rel.rodata)
 *(.rel.rodata.*)
 *(.rel.gnu.linkonce.r*)

.rela.rodata
 *(.rela.rodata)
 *(.rela.rodata.*)
 *(.rela.gnu.linkonce.r*)

.rel.data
 *(.rel.data)
 *(.rel.data.*)
 *(.rel.gnu.linkonce.d*)

.rela.data
 *(.rela.data)
 *(.rela.data.*)
 *(.rela.gnu.linkonce.d*)

.rel.ctors
 *(.rel.ctors)

.rela.ctors
 *(.rela.ctors)

.rel.dtors
 *(.rel.dtors)

.rela.dtors
 *(.rela.dtors)

.rel.got
 *(.rel.got)

.rela.got
 *(.rela.got)

.rel.bss
 *(.rel.bss)

.rela.bss
 *(.rela.bss)

.rel.plt
 *(.rel.plt)

.rela.plt
 *(.rela.plt)

.text           0x0000000000000000     0x17ae
 *(.vectors)
 .vectors       0x0000000000000000       0x68 /usr/lib/gcc/avr/8.3.0/../../../../avr/lib/avr5/crtatmega328p.o
                0x0000000000000000                __vectors
 *(.vectors)
 *(.progmem.gcc*)
                0x0000000000000068                . = ALIGN (0x2)
                0x0000000000000068                __trampolines_start = .
 *(.trampolines)
 .trampolines   0x0000000000000068        0x0 linker stubs
 *(.trampolines*)
                0x0000000000000068                __trampolines_end = .
 *libprintf_flt.a:*(.progmem.data)
 *libc.a:*(.progmem.data)
 *(.progmem.*)
 .progmem.data  0x0000000000000068       0x20 obj/main.o
                0x0000000000000068                can_filter
 .progmem.data  0x0000000000000088       0x18 lib/avr-can-lib/src//libcan.a(mcp2515.o)
                0x0000000000000088                _mcp2515_cnf
                0x00000000000000a0                . = ALIGN (0x2)
 *(.lowtext)
 *(.lowtext*)
                0x00000000000000a0                __ctors_start = .
 *(.ctors)
                0x00000000000000a0                __ctors_end = .
                0x00000000000000a0                __dtors_start = .
 *(.dtors)
                0x00000000000000a0                __dtors_end = .
 SORT_BY_NAME(*)(.ctors)
 SORT_BY_NAME(*)(.dtors)
 *(.init0)
 .init0         0x00000000000000a0        0x0 /usr/lib/gcc/avr/8.3.0/../../../../avr/lib/avr5/crtatmega328p.o
                0x00000000000000a0                __init
 *(.init0)
 *(.init1)
 *(.init1)
 *(.init2)
 .init2         0x00000000000000a0        0xc /usr/lib/gcc/avr/8.3.0/../../../../avr/lib/avr5/crtatmega328p.o
 *(.init2)
 *(.init3)
 .init3         0x00000000000000ac       0x18 obj/main.o
                0x00000000000000ac                wdt_first
 *(.init3)
 *(.init4)
 .init4         0x00000000000000c4       0x16 /usr/lib/gcc/avr/8.3.0/avr5/libgcc.a(_copy_data.o)
                0x00000000000000c4                __do_copy_data
 .init4         0x00000000000000da       0x10 /usr/lib/gcc/avr/8.3.0/avr5/libgcc.a(_clear_bss.o)
                0x00000000000000da                __do_clear_bss
 *(.init4)
 *(.init5)
 *(.init5)
 *(.init6)
 *(.init6)
 *(.init7)
 *(.init7)
 *(.init8)
 *(.init8)
 *(.init9)
 .init9         0x00000000000000ea        0x8 /usr/lib/gcc/avr/8.3.0/../../../../avr/lib/avr5/crtatmega328p.o
 *(.init9)
 *(.text)
 .text          0x00000000000000f2        0x4 /usr/lib/gcc/avr/8.3.0/../../../../avr/lib/avr5/crtatmega328p.o
                0x00000000000000f2                __vector_22
                0x00000000000000f2                __vector_1
                0x00000000000000f2                __vector_24
                0x00000000000000f2                __vector_12
                0x00000000000000f2                __bad_interrupt
                0x00000000000000f2                __vector_6
                0x00000000000000f2                __vector_3
                0x00000000000000f2                __vector_23
                0x00000000000000f2                __vector_25
                0x00000000000000f2                __vector_11
                0x00000000000000f2                __vector_13
                0x00000000000000f2                __vector_17
                0x00000000000000f2                __vector_19
                0x00000000000000f2                __vector_5
                0x00000000000000f2                __vector_4
                0x00000000000000f2                __vector_9
                0x00000000000000f2                __vector_2
                0x00000000000000f2                __vector_15
                0x00000000000000f2                __vector_8
                0x00000000000000f2                __vector_10
                0x00000000000000f2                __vector_16
                0x00000000000000f2                __vector_18
                0x00000000000000f2                __vector_20
 .text          0x00000000000000f6      0x712 obj/machine.o
                0x00000000000000f6                set_machine_initial_state
                0x000000000000010c                set_state_error
                0x0000000000000122                set_state_initializing
                0x0000000000000134                machine_init
                0x0000000000000158                set_state_idle
                0x000000000000017a                set_state_running
                0x0000000000000194                set_state_reset
                0x00000000000001aa                set_state_waiting_reset
                0x00000000000001c0                print_configurations
                0x00000000000001fc                print_system_flags
                0x00000000000001fe                print_error_flags
                0x0000000000000200                pulse_mainrelay_on
                0x0000000000000226                pulse_mainrelay_off
                0x000000000000024e                turn_boat_on
                0x0000000000000270                turn_boat_off
                0x00000000000002d0                turn_charge_boat_on
                0x00000000000002de                turn_charge_boat_off
                0x00000000000002ec                task_initializing
                0x000000000000030c                task_idle
                0x0000000000000412                task_running
                0x0000000000000448                task_error
                0x0000000000000504                task_waiting_reset
                0x0000000000000586                task_reset
                0x0000000000000592                print_infos
                0x00000000000005a8                reset_measurements
                0x00000000000005ea                machine_run
                0x00000000000007d8                __vector_7
 .text          0x0000000000000808      0x344 obj/usart.o
                0x0000000000000808                usart_send_char
                0x0000000000000816                usart_receive_char
                0x0000000000000824                usart_send_string
                0x000000000000084a                usart_send_uint8
                0x0000000000000892                usart_send_int8
                0x00000000000008e6                usart_send_uint16
                0x000000000000094e                usart_send_int16
                0x00000000000009c8                usart_send_uint32
                0x0000000000000a58                usart_send_int32
                0x0000000000000b00                usart_send_buffer
                0x0000000000000b28                usart_init
 .text          0x0000000000000b4c      0x392 obj/can_app.o
                0x0000000000000b4c                can_app_print_msg
                0x0000000000000bbe                can_app_send_state
                0x0000000000000c12                can_app_send_bat
                0x0000000000000cea                can_app_send_cap
                0x0000000000000dc2                can_app_extractor_mic17_mcs
                0x0000000000000de8                can_app_extractor_mic17_state
                0x0000000000000dea                can_app_msg_extractors_switch
                0x0000000000000e02                check_can
                0x0000000000000e44                can_app_task
 .text          0x0000000000000ede      0x1c0 obj/adc.o
                0x0000000000000ede                adc_select_channel
                0x0000000000000f08                adc_init
                0x0000000000000f4c                __vector_21
                0x000000000000109c                __vector_14
 .text          0x000000000000109e      0x11e obj/main.o
                0x000000000000109e                wdt_init
                0x00000000000010b4                sleep_init
                0x00000000000010bc                init
                0x000000000000118e                __vector_default
 .text          0x00000000000011bc      0x156 lib/avr-can-lib/src//libcan.a(mcp2515.o)
                0x00000000000011bc                mcp2515_write_register
                0x00000000000011e0                mcp2515_read_register
                0x00000000000011fe                mcp2515_bit_modify
                0x000000000000122e                mcp2515_read_status
                0x000000000000123e                can_init
 .text          0x0000000000001312       0x20 lib/avr-can-lib/src//libcan.a(mcp2515_buffer.o)
                0x0000000000001312                can_check_message
                0x000000000000131e                can_check_free_buffer
 .text          0x0000000000001332       0xaa lib/avr-can-lib/src//libcan.a(mcp2515_get_message.o)
                0x0000000000001332                can_get_message
 .text          0x00000000000013dc       0x9a lib/avr-can-lib/src//libcan.a(mcp2515_send_message.o)
                0x00000000000013dc                can_send_message
 .text          0x0000000000001476       0x78 lib/avr-can-lib/src//libcan.a(mcp2515_static_filter.o)
                0x0000000000001476                can_static_filter
 .text          0x00000000000014ee       0x32 lib/avr-can-lib/src//libcan.a(mcp2515_write_id.o)
                0x00000000000014ee                mcp2515_write_id
 .text          0x0000000000001520       0x6e lib/avr-can-lib/src//libcan.a(mcp2515_read_id.o)
                0x0000000000001520                mcp2515_read_id
 .text          0x000000000000158e       0x16 lib/avr-can-lib/src//libcan.a(mcp2515_error_register.o)
                0x000000000000158e                can_read_error_register
 .text          0x00000000000015a4       0x16 lib/avr-can-lib/src//libcan.a(spi.o)
                0x00000000000015a4                mcp2515_spi_init
                0x00000000000015ae                spi_putc
 .text          0x00000000000015ba        0x0 /usr/lib/gcc/avr/8.3.0/avr5/libgcc.a(_udivmodqi4.o)
 .text          0x00000000000015ba        0x0 /usr/lib/gcc/avr/8.3.0/avr5/libgcc.a(_divmodqi4.o)
 .text          0x00000000000015ba        0x0 /usr/lib/gcc/avr/8.3.0/avr5/libgcc.a(_udivmodhi4.o)
 .text          0x00000000000015ba        0x0 /usr/lib/gcc/avr/8.3.0/avr5/libgcc.a(_divmodhi4.o)
 .text          0x00000000000015ba        0x0 /usr/lib/gcc/avr/8.3.0/avr5/libgcc.a(_udivmodsi4.o)
 .text          0x00000000000015ba        0x0 /usr/lib/gcc/avr/8.3.0/avr5/libgcc.a(_divmodsi4.o)
 .text          0x00000000000015ba        0x0 /usr/lib/gcc/avr/8.3.0/avr5/libgcc.a(_negsi2.o)
 .text          0x00000000000015ba        0x0 /usr/lib/gcc/avr/8.3.0/avr5/libgcc.a(_exit.o)
 .text          0x00000000000015ba        0x0 /usr/lib/gcc/avr/8.3.0/avr5/libgcc.a(_copy_data.o)
 .text          0x00000000000015ba        0x0 /usr/lib/gcc/avr/8.3.0/avr5/libgcc.a(_clear_bss.o)
 .text          0x00000000000015ba        0x0 /usr/lib/gcc/avr/8.3.0/avr5/libgcc.a(_udivdi3.o)
 .text          0x00000000000015ba        0x0 /usr/lib/gcc/avr/8.3.0/avr5/libgcc.a(_udivmod64.o)
 .text          0x00000000000015ba        0x0 /usr/lib/gcc/avr/8.3.0/avr5/libgcc.a(_adddi3.o)
                0x00000000000015ba                . = ALIGN (0x2)
 *(.text.*)
 .text.startup  0x00000000000015ba       0x1a obj/main.o
                0x00000000000015ba                main
 .text.libgcc.mul
                0x00000000000015d4        0x0 /usr/lib/gcc/avr/8.3.0/avr5/libgcc.a(_udivmodqi4.o)
 .text.libgcc.div
                0x00000000000015d4       0x18 /usr/lib/gcc/avr/8.3.0/avr5/libgcc.a(_udivmodqi4.o)
                0x00000000000015d4                __udivmodqi4
 .text.libgcc   0x00000000000015ec        0x0 /usr/lib/gcc/avr/8.3.0/avr5/libgcc.a(_udivmodqi4.o)
 .text.libgcc.prologue
                0x00000000000015ec        0x0 /usr/lib/gcc/avr/8.3.0/avr5/libgcc.a(_udivmodqi4.o)
 .text.libgcc.builtins
                0x00000000000015ec        0x0 /usr/lib/gcc/avr/8.3.0/avr5/libgcc.a(_udivmodqi4.o)
 .text.libgcc.fmul
                0x00000000000015ec        0x0 /usr/lib/gcc/avr/8.3.0/avr5/libgcc.a(_udivmodqi4.o)
 .text.libgcc.fixed
                0x00000000000015ec        0x0 /usr/lib/gcc/avr/8.3.0/avr5/libgcc.a(_udivmodqi4.o)
 .text.libgcc.mul
                0x00000000000015ec        0x0 /usr/lib/gcc/avr/8.3.0/avr5/libgcc.a(_divmodqi4.o)
 .text.libgcc.div
                0x00000000000015ec       0x1c /usr/lib/gcc/avr/8.3.0/avr5/libgcc.a(_divmodqi4.o)
                0x00000000000015ec                __divmodqi4
 .text.libgcc   0x0000000000001608        0x0 /usr/lib/gcc/avr/8.3.0/avr5/libgcc.a(_divmodqi4.o)
 .text.libgcc.prologue
                0x0000000000001608        0x0 /usr/lib/gcc/avr/8.3.0/avr5/libgcc.a(_divmodqi4.o)
 .text.libgcc.builtins
                0x0000000000001608        0x0 /usr/lib/gcc/avr/8.3.0/avr5/libgcc.a(_divmodqi4.o)
 .text.libgcc.fmul
                0x0000000000001608        0x0 /usr/lib/gcc/avr/8.3.0/avr5/libgcc.a(_divmodqi4.o)
 .text.libgcc.fixed
                0x0000000000001608        0x0 /usr/lib/gcc/avr/8.3.0/avr5/libgcc.a(_divmodqi4.o)
 .text.libgcc.mul
                0x0000000000001608        0x0 /usr/lib/gcc/avr/8.3.0/avr5/libgcc.a(_udivmodhi4.o)
 .text.libgcc.div
                0x0000000000001608       0x28 /usr/lib/gcc/avr/8.3.0/avr5/libgcc.a(_udivmodhi4.o)
                0x0000000000001608                __udivmodhi4
 .text.libgcc   0x0000000000001630        0x0 /usr/lib/gcc/avr/8.3.0/avr5/libgcc.a(_udivmodhi4.o)
 .text.libgcc.prologue
                0x0000000000001630        0x0 /usr/lib/gcc/avr/8.3.0/avr5/libgcc.a(_udivmodhi4.o)
 .text.libgcc.builtins
                0x0000000000001630        0x0 /usr/lib/gcc/avr/8.3.0/avr5/libgcc.a(_udivmodhi4.o)
 .text.libgcc.fmul
                0x0000000000001630        0x0 /usr/lib/gcc/avr/8.3.0/avr5/libgcc.a(_udivmodhi4.o)
 .text.libgcc.fixed
                0x0000000000001630        0x0 /usr/lib/gcc/avr/8.3.0/avr5/libgcc.a(_udivmodhi4.o)
 .text.libgcc.mul
                0x0000000000001630        0x0 /usr/lib/gcc/avr/8.3.0/avr5/libgcc.a(_divmodhi4.o)
 .text.libgcc.div
                0x0000000000001630       0x28 /usr/lib/gcc/avr/8.3.0/avr5/libgcc.a(_divmodhi4.o)
                0x0000000000001630                __divmodhi4
                0x0000000000001630                _div
 .text.libgcc   0x0000000000001658        0x0 /usr/lib/gcc/avr/8.3.0/avr5/libgcc.a(_divmodhi4.o)
 .text.libgcc.prologue
                0x0000000000001658        0x0 /usr/lib/gcc/avr/8.3.0/avr5/libgcc.a(_divmodhi4.o)
 .text.libgcc.builtins
                0x0000000000001658        0x0 /usr/lib/gcc/avr/8.3.0/avr5/libgcc.a(_divmodhi4.o)
 .text.libgcc.fmul
                0x0000000000001658        0x0 /usr/lib/gcc/avr/8.3.0/avr5/libgcc.a(_divmodhi4.o)
 .text.libgcc.fixed
                0x0000000000001658        0x0 /usr/lib/gcc/avr/8.3.0/avr5/libgcc.a(_divmodhi4.o)
 .text.libgcc.mul
                0x0000000000001658        0x0 /usr/lib/gcc/avr/8.3.0/avr5/libgcc.a(_udivmodsi4.o)
 .text.libgcc.div
                0x0000000000001658       0x44 /usr/lib/gcc/avr/8.3.0/avr5/libgcc.a(_udivmodsi4.o)
                0x0000000000001658                __udivmodsi4
 .text.libgcc   0x000000000000169c        0x0 /usr/lib/gcc/avr/8.3.0/avr5/libgcc.a(_udivmodsi4.o)
 .text.libgcc.prologue
                0x000000000000169c        0x0 /usr/lib/gcc/avr/8.3.0/avr5/libgcc.a(_udivmodsi4.o)
 .text.libgcc.builtins
                0x000000000000169c        0x0 /usr/lib/gcc/avr/8.3.0/avr5/libgcc.a(_udivmodsi4.o)
 .text.libgcc.fmul
                0x000000000000169c        0x0 /usr/lib/gcc/avr/8.3.0/avr5/libgcc.a(_udivmodsi4.o)
 .text.libgcc.fixed
                0x000000000000169c        0x0 /usr/lib/gcc/avr/8.3.0/avr5/libgcc.a(_udivmodsi4.o)
 .text.libgcc.mul
                0x000000000000169c        0x0 /usr/lib/gcc/avr/8.3.0/avr5/libgcc.a(_divmodsi4.o)
 .text.libgcc.div
                0x000000000000169c       0x2e /usr/lib/gcc/avr/8.3.0/avr5/libgcc.a(_divmodsi4.o)
                0x000000000000169c                __divmodsi4
 .text.libgcc   0x00000000000016ca        0x0 /usr/lib/gcc/avr/8.3.0/avr5/libgcc.a(_divmodsi4.o)
 .text.libgcc.prologue
                0x00000000000016ca        0x0 /usr/lib/gcc/avr/8.3.0/avr5/libgcc.a(_divmodsi4.o)
 .text.libgcc.builtins
                0x00000000000016ca        0x0 /usr/lib/gcc/avr/8.3.0/avr5/libgcc.a(_divmodsi4.o)
 .text.libgcc.fmul
                0x00000000000016ca        0x0 /usr/lib/gcc/avr/8.3.0/avr5/libgcc.a(_divmodsi4.o)
 .text.libgcc.fixed
                0x00000000000016ca        0x0 /usr/lib/gcc/avr/8.3.0/avr5/libgcc.a(_divmodsi4.o)
 .text.libgcc.mul
                0x00000000000016ca        0x0 /usr/lib/gcc/avr/8.3.0/avr5/libgcc.a(_negsi2.o)
 .text.libgcc.div
                0x00000000000016ca       0x10 /usr/lib/gcc/avr/8.3.0/avr5/libgcc.a(_negsi2.o)
                0x00000000000016ca                __negsi2
 .text.libgcc   0x00000000000016da        0x0 /usr/lib/gcc/avr/8.3.0/avr5/libgcc.a(_negsi2.o)
 .text.libgcc.prologue
                0x00000000000016da        0x0 /usr/lib/gcc/avr/8.3.0/avr5/libgcc.a(_negsi2.o)
 .text.libgcc.builtins
                0x00000000000016da        0x0 /usr/lib/gcc/avr/8.3.0/avr5/libgcc.a(_negsi2.o)
 .text.libgcc.fmul
                0x00000000000016da        0x0 /usr/lib/gcc/avr/8.3.0/avr5/libgcc.a(_negsi2.o)
 .text.libgcc.fixed
                0x00000000000016da        0x0 /usr/lib/gcc/avr/8.3.0/avr5/libgcc.a(_negsi2.o)
 .text.libgcc.mul
                0x00000000000016da        0x0 /usr/lib/gcc/avr/8.3.0/avr5/libgcc.a(_exit.o)
 .text.libgcc.div
                0x00000000000016da        0x0 /usr/lib/gcc/avr/8.3.0/avr5/libgcc.a(_exit.o)
 .text.libgcc   0x00000000000016da        0x0 /usr/lib/gcc/avr/8.3.0/avr5/libgcc.a(_exit.o)
 .text.libgcc.prologue
                0x00000000000016da        0x0 /usr/lib/gcc/avr/8.3.0/avr5/libgcc.a(_exit.o)
 .text.libgcc.builtins
                0x00000000000016da        0x0 /usr/lib/gcc/avr/8.3.0/avr5/libgcc.a(_exit.o)
 .text.libgcc.fmul
                0x00000000000016da        0x0 /usr/lib/gcc/avr/8.3.0/avr5/libgcc.a(_exit.o)
 .text.libgcc.fixed
                0x00000000000016da        0x0 /usr/lib/gcc/avr/8.3.0/avr5/libgcc.a(_exit.o)
 .text.libgcc.mul
                0x00000000000016da        0x0 /usr/lib/gcc/avr/8.3.0/avr5/libgcc.a(_copy_data.o)
 .text.libgcc.div
                0x00000000000016da        0x0 /usr/lib/gcc/avr/8.3.0/avr5/libgcc.a(_copy_data.o)
 .text.libgcc   0x00000000000016da        0x0 /usr/lib/gcc/avr/8.3.0/avr5/libgcc.a(_copy_data.o)
 .text.libgcc.prologue
                0x00000000000016da        0x0 /usr/lib/gcc/avr/8.3.0/avr5/libgcc.a(_copy_data.o)
 .text.libgcc.builtins
                0x00000000000016da        0x0 /usr/lib/gcc/avr/8.3.0/avr5/libgcc.a(_copy_data.o)
 .text.libgcc.fmul
                0x00000000000016da        0x0 /usr/lib/gcc/avr/8.3.0/avr5/libgcc.a(_copy_data.o)
 .text.libgcc.fixed
                0x00000000000016da        0x0 /usr/lib/gcc/avr/8.3.0/avr5/libgcc.a(_copy_data.o)
 .text.libgcc.mul
                0x00000000000016da        0x0 /usr/lib/gcc/avr/8.3.0/avr5/libgcc.a(_clear_bss.o)
 .text.libgcc.div
                0x00000000000016da        0x0 /usr/lib/gcc/avr/8.3.0/avr5/libgcc.a(_clear_bss.o)
 .text.libgcc   0x00000000000016da        0x0 /usr/lib/gcc/avr/8.3.0/avr5/libgcc.a(_clear_bss.o)
 .text.libgcc.prologue
                0x00000000000016da        0x0 /usr/lib/gcc/avr/8.3.0/avr5/libgcc.a(_clear_bss.o)
 .text.libgcc.builtins
                0x00000000000016da        0x0 /usr/lib/gcc/avr/8.3.0/avr5/libgcc.a(_clear_bss.o)
 .text.libgcc.fmul
                0x00000000000016da        0x0 /usr/lib/gcc/avr/8.3.0/avr5/libgcc.a(_clear_bss.o)
 .text.libgcc.fixed
                0x00000000000016da        0x0 /usr/lib/gcc/avr/8.3.0/avr5/libgcc.a(_clear_bss.o)
 .text.libgcc.mul
                0x00000000000016da        0x0 /usr/lib/gcc/avr/8.3.0/avr5/libgcc.a(_udivdi3.o)
 .text.libgcc.div
                0x00000000000016da       0x1c /usr/lib/gcc/avr/8.3.0/avr5/libgcc.a(_udivdi3.o)
                0x00000000000016da                __umoddi3
                0x00000000000016de                __udivdi3
                0x00000000000016e0                __udivdi3_umoddi3
 .text.libgcc   0x00000000000016f6        0x0 /usr/lib/gcc/avr/8.3.0/avr5/libgcc.a(_udivdi3.o)
 .text.libgcc.prologue
                0x00000000000016f6        0x0 /usr/lib/gcc/avr/8.3.0/avr5/libgcc.a(_udivdi3.o)
 .text.libgcc.builtins
                0x00000000000016f6        0x0 /usr/lib/gcc/avr/8.3.0/avr5/libgcc.a(_udivdi3.o)
 .text.libgcc.fmul
                0x00000000000016f6        0x0 /usr/lib/gcc/avr/8.3.0/avr5/libgcc.a(_udivdi3.o)
 .text.libgcc.fixed
                0x00000000000016f6        0x0 /usr/lib/gcc/avr/8.3.0/avr5/libgcc.a(_udivdi3.o)
 .text.libgcc.mul
                0x00000000000016f6        0x0 /usr/lib/gcc/avr/8.3.0/avr5/libgcc.a(_udivmod64.o)
 .text.libgcc.div
                0x00000000000016f6       0xa2 /usr/lib/gcc/avr/8.3.0/avr5/libgcc.a(_udivmod64.o)
                0x00000000000016f6                __udivmod64
 .text.libgcc   0x0000000000001798        0x0 /usr/lib/gcc/avr/8.3.0/avr5/libgcc.a(_udivmod64.o)
 .text.libgcc.prologue
                0x0000000000001798        0x0 /usr/lib/gcc/avr/8.3.0/avr5/libgcc.a(_udivmod64.o)
 .text.libgcc.builtins
                0x0000000000001798        0x0 /usr/lib/gcc/avr/8.3.0/avr5/libgcc.a(_udivmod64.o)
 .text.libgcc.fmul
                0x0000000000001798        0x0 /usr/lib/gcc/avr/8.3.0/avr5/libgcc.a(_udivmod64.o)
 .text.libgcc.fixed
                0x0000000000001798        0x0 /usr/lib/gcc/avr/8.3.0/avr5/libgcc.a(_udivmod64.o)
 .text.libgcc.mul
                0x0000000000001798        0x0 /usr/lib/gcc/avr/8.3.0/avr5/libgcc.a(_adddi3.o)
 .text.libgcc.div
                0x0000000000001798        0x0 /usr/lib/gcc/avr/8.3.0/avr5/libgcc.a(_adddi3.o)
 .text.libgcc   0x0000000000001798       0x12 /usr/lib/gcc/avr/8.3.0/avr5/libgcc.a(_adddi3.o)
                0x0000000000001798                __adddi3
 .text.libgcc.prologue
                0x00000000000017aa        0x0 /usr/lib/gcc/avr/8.3.0/avr5/libgcc.a(_adddi3.o)
 .text.libgcc.builtins
                0x00000000000017aa        0x0 /usr/lib/gcc/avr/8.3.0/avr5/libgcc.a(_adddi3.o)
 .text.libgcc.fmul
                0x00000000000017aa        0x0 /usr/lib/gcc/avr/8.3.0/avr5/libgcc.a(_adddi3.o)
 .text.libgcc.fixed
                0x00000000000017aa        0x0 /usr/lib/gcc/avr/8.3.0/avr5/libgcc.a(_adddi3.o)
                0x00000000000017aa                . = ALIGN (0x2)
 *(.fini9)
 .fini9         0x00000000000017aa        0x0 /usr/lib/gcc/avr/8.3.0/avr5/libgcc.a(_exit.o)
                0x00000000000017aa                exit
                0x00000000000017aa                _exit
 *(.fini9)
 *(.fini8)
 *(.fini8)
 *(.fini7)
 *(.fini7)
 *(.fini6)
 *(.fini6)
 *(.fini5)
 *(.fini5)
 *(.fini4)
 *(.fini4)
 *(.fini3)
 *(.fini3)
 *(.fini2)
 *(.fini2)
 *(.fini1)
 *(.fini1)
 *(.fini0)
 .fini0         0x00000000000017aa        0x4 /usr/lib/gcc/avr/8.3.0/avr5/libgcc.a(_exit.o)
 *(.fini0)
 *(.hightext)
 *(.hightext*)
 *(.progmemx.*)
                0x00000000000017ae                . = ALIGN (0x2)
 *(.jumptables)
 *(.jumptables*)
                0x00000000000017ae                _etext = .

.data           0x0000000000800100      0x402 load address 0x00000000000017ae
                0x0000000000800100                PROVIDE (__data_start = .)
 *(.data)
 .data          0x0000000000800100        0x0 /usr/lib/gcc/avr/8.3.0/../../../../avr/lib/avr5/crtatmega328p.o
 .data          0x0000000000800100        0x0 obj/machine.o
 .data          0x0000000000800100        0x0 obj/usart.o
 .data          0x0000000000800100        0x0 obj/can_app.o
 .data          0x0000000000800100        0x0 obj/adc.o
 .data          0x0000000000800100        0x0 obj/main.o
 .data          0x0000000000800100        0x0 lib/avr-can-lib/src//libcan.a(mcp2515.o)
 .data          0x0000000000800100        0x0 lib/avr-can-lib/src//libcan.a(mcp2515_buffer.o)
 .data          0x0000000000800100        0x0 lib/avr-can-lib/src//libcan.a(mcp2515_get_message.o)
 .data          0x0000000000800100        0x0 lib/avr-can-lib/src//libcan.a(mcp2515_send_message.o)
 .data          0x0000000000800100        0x0 lib/avr-can-lib/src//libcan.a(mcp2515_static_filter.o)
 .data          0x0000000000800100        0x0 lib/avr-can-lib/src//libcan.a(mcp2515_write_id.o)
 .data          0x0000000000800100        0x0 lib/avr-can-lib/src//libcan.a(mcp2515_read_id.o)
 .data          0x0000000000800100        0x0 lib/avr-can-lib/src//libcan.a(mcp2515_error_register.o)
 .data          0x0000000000800100        0x0 lib/avr-can-lib/src//libcan.a(spi.o)
 .data          0x0000000000800100        0x0 /usr/lib/gcc/avr/8.3.0/avr5/libgcc.a(_udivmodqi4.o)
 .data          0x0000000000800100        0x0 /usr/lib/gcc/avr/8.3.0/avr5/libgcc.a(_divmodqi4.o)
 .data          0x0000000000800100        0x0 /usr/lib/gcc/avr/8.3.0/avr5/libgcc.a(_udivmodhi4.o)
 .data          0x0000000000800100        0x0 /usr/lib/gcc/avr/8.3.0/avr5/libgcc.a(_divmodhi4.o)
 .data          0x0000000000800100        0x0 /usr/lib/gcc/avr/8.3.0/avr5/libgcc.a(_udivmodsi4.o)
 .data          0x0000000000800100        0x0 /usr/lib/gcc/avr/8.3.0/avr5/libgcc.a(_divmodsi4.o)
 .data          0x0000000000800100        0x0 /usr/lib/gcc/avr/8.3.0/avr5/libgcc.a(_negsi2.o)
 .data          0x0000000000800100        0x0 /usr/lib/gcc/avr/8.3.0/avr5/libgcc.a(_exit.o)
 .data          0x0000000000800100        0x0 /usr/lib/gcc/avr/8.3.0/avr5/libgcc.a(_copy_data.o)
 .data          0x0000000000800100        0x0 /usr/lib/gcc/avr/8.3.0/avr5/libgcc.a(_clear_bss.o)
 .data          0x0000000000800100        0x0 /usr/lib/gcc/avr/8.3.0/avr5/libgcc.a(_udivdi3.o)
 .data          0x0000000000800100        0x0 /usr/lib/gcc/avr/8.3.0/avr5/libgcc.a(_udivmod64.o)
 .data          0x0000000000800100        0x0 /usr/lib/gcc/avr/8.3.0/avr5/libgcc.a(_adddi3.o)
 *(.data*)
 *(.gnu.linkonce.d*)
 *(.rodata)
 *(.rodata*)
 .rodata.str1.1
                0x0000000000800100      0x351 obj/machine.o
 .rodata.str1.1
                0x0000000000800451       0x13 obj/can_app.o
 .rodata.str1.1
                0x0000000000800464       0x9d obj/main.o
                                         0xa3 (size before relaxing)
 *(.gnu.linkonce.r*)
                0x0000000000800502                . = ALIGN (0x2)
 *fill*         0x0000000000800501        0x1 
                0x0000000000800502                _edata = .
                0x0000000000800502                PROVIDE (__data_end = .)

.bss            0x0000000000800502       0x49
                0x0000000000800502                PROVIDE (__bss_start = .)
 *(.bss)
 .bss           0x0000000000800502        0x0 /usr/lib/gcc/avr/8.3.0/../../../../avr/lib/avr5/crtatmega328p.o
 .bss           0x0000000000800502        0x1 obj/machine.o
 .bss           0x0000000000800503        0x0 obj/usart.o
 .bss           0x0000000000800503        0x0 obj/can_app.o
 .bss           0x0000000000800503        0x0 obj/adc.o
 .bss           0x0000000000800503        0x0 obj/main.o
 .bss           0x0000000000800503        0x0 lib/avr-can-lib/src//libcan.a(mcp2515.o)
 .bss           0x0000000000800503        0x0 lib/avr-can-lib/src//libcan.a(mcp2515_buffer.o)
 .bss           0x0000000000800503        0x0 lib/avr-can-lib/src//libcan.a(mcp2515_get_message.o)
 .bss           0x0000000000800503        0x0 lib/avr-can-lib/src//libcan.a(mcp2515_send_message.o)
 .bss           0x0000000000800503        0x0 lib/avr-can-lib/src//libcan.a(mcp2515_static_filter.o)
 .bss           0x0000000000800503        0x0 lib/avr-can-lib/src//libcan.a(mcp2515_write_id.o)
 .bss           0x0000000000800503        0x0 lib/avr-can-lib/src//libcan.a(mcp2515_read_id.o)
 .bss           0x0000000000800503        0x0 lib/avr-can-lib/src//libcan.a(mcp2515_error_register.o)
 .bss           0x0000000000800503        0x0 lib/avr-can-lib/src//libcan.a(spi.o)
 .bss           0x0000000000800503        0x0 /usr/lib/gcc/avr/8.3.0/avr5/libgcc.a(_udivmodqi4.o)
 .bss           0x0000000000800503        0x0 /usr/lib/gcc/avr/8.3.0/avr5/libgcc.a(_divmodqi4.o)
 .bss           0x0000000000800503        0x0 /usr/lib/gcc/avr/8.3.0/avr5/libgcc.a(_udivmodhi4.o)
 .bss           0x0000000000800503        0x0 /usr/lib/gcc/avr/8.3.0/avr5/libgcc.a(_divmodhi4.o)
 .bss           0x0000000000800503        0x0 /usr/lib/gcc/avr/8.3.0/avr5/libgcc.a(_udivmodsi4.o)
 .bss           0x0000000000800503        0x0 /usr/lib/gcc/avr/8.3.0/avr5/libgcc.a(_divmodsi4.o)
 .bss           0x0000000000800503        0x0 /usr/lib/gcc/avr/8.3.0/avr5/libgcc.a(_negsi2.o)
 .bss           0x0000000000800503        0x0 /usr/lib/gcc/avr/8.3.0/avr5/libgcc.a(_exit.o)
 .bss           0x0000000000800503        0x0 /usr/lib/gcc/avr/8.3.0/avr5/libgcc.a(_copy_data.o)
 .bss           0x0000000000800503        0x0 /usr/lib/gcc/avr/8.3.0/avr5/libgcc.a(_clear_bss.o)
 .bss           0x0000000000800503        0x0 /usr/lib/gcc/avr/8.3.0/avr5/libgcc.a(_udivdi3.o)
 .bss           0x0000000000800503        0x0 /usr/lib/gcc/avr/8.3.0/avr5/libgcc.a(_udivmod64.o)
 .bss           0x0000000000800503        0x0 /usr/lib/gcc/avr/8.3.0/avr5/libgcc.a(_adddi3.o)
 *(.bss*)
 *(COMMON)
 COMMON         0x0000000000800503       0x48 obj/machine.o
                0x0000000000800503                reset_clk
                0x0000000000800504                led_clk_div
                0x0000000000800505                system_flags
                0x0000000000800506                measurements
                0x0000000000800526                machine_clk_divider
                0x0000000000800527                state_machine
                0x0000000000800529                first_boat_off
                0x000000000080052a                can_app_send_state_clk_div
                0x000000000080052e                adc
                0x0000000000800541                relay_clk
                0x0000000000800542                error_flags
                0x0000000000800543                machine_clk
                0x0000000000800544                total_errors
                0x0000000000800545                can_app_send_adc_clk_div
                0x0000000000800549                charge_count_error
                0x000000000080054b                PROVIDE (__bss_end = .)
                0x00000000000017ae                __data_load_start = LOADADDR (.data)
                0x0000000000001bb0                __data_load_end = (__data_load_start + SIZEOF (.data))

.noinit         0x000000000080054b        0x0
                [!provide]                        PROVIDE (__noinit_start = .)
 *(.noinit*)
                [!provide]                        PROVIDE (__noinit_end = .)
                0x000000000080054b                _end = .
                [!provide]                        PROVIDE (__heap_start = .)

.eeprom         0x0000000000810000        0x0
 *(.eeprom*)
                0x0000000000810000                __eeprom_end = .

.fuse
 *(.fuse)
 *(.lfuse)
 *(.hfuse)
 *(.efuse)

.lock
 *(.lock*)

.signature
 *(.signature*)

.stab
 *(.stab)

.stabstr
 *(.stabstr)

.stab.excl
 *(.stab.excl)

.stab.exclstr
 *(.stab.exclstr)

.stab.index
 *(.stab.index)

.stab.indexstr
 *(.stab.indexstr)

.comment        0x0000000000000000       0x11
 *(.comment)
 .comment       0x0000000000000000       0x11 obj/machine.o
                                         0x12 (size before relaxing)
 .comment       0x0000000000000011       0x12 obj/usart.o
 .comment       0x0000000000000011       0x12 obj/can_app.o
 .comment       0x0000000000000011       0x12 obj/adc.o
 .comment       0x0000000000000011       0x12 obj/main.o
 .comment       0x0000000000000011       0x12 lib/avr-can-lib/src//libcan.a(mcp2515.o)
 .comment       0x0000000000000011       0x12 lib/avr-can-lib/src//libcan.a(mcp2515_buffer.o)
 .comment       0x0000000000000011       0x12 lib/avr-can-lib/src//libcan.a(mcp2515_get_message.o)
 .comment       0x0000000000000011       0x12 lib/avr-can-lib/src//libcan.a(mcp2515_send_message.o)
 .comment       0x0000000000000011       0x12 lib/avr-can-lib/src//libcan.a(mcp2515_static_filter.o)
 .comment       0x0000000000000011       0x12 lib/avr-can-lib/src//libcan.a(mcp2515_write_id.o)
 .comment       0x0000000000000011       0x12 lib/avr-can-lib/src//libcan.a(mcp2515_read_id.o)
 .comment       0x0000000000000011       0x12 lib/avr-can-lib/src//libcan.a(mcp2515_error_register.o)
 .comment       0x0000000000000011       0x12 lib/avr-can-lib/src//libcan.a(spi.o)

.note.gnu.avr.deviceinfo
                0x0000000000000000       0x40
 .note.gnu.avr.deviceinfo
                0x0000000000000000       0x40 /usr/lib/gcc/avr/8.3.0/../../../../avr/lib/avr5/crtatmega328p.o

.note.gnu.build-id
 *(.note.gnu.build-id)

.debug
 *(.debug)

.line
 *(.line)

.debug_srcinfo
 *(.debug_srcinfo)

.debug_sfnames
 *(.debug_sfnames)

.debug_aranges  0x0000000000000000      0x120
 *(.debug_aranges)
 .debug_aranges
                0x0000000000000000       0x20 lib/avr-can-lib/src//libcan.a(mcp2515.o)
 .debug_aranges
                0x0000000000000020       0x20 lib/avr-can-lib/src//libcan.a(mcp2515_buffer.o)
 .debug_aranges
                0x0000000000000040       0x20 lib/avr-can-lib/src//libcan.a(mcp2515_get_message.o)
 .debug_aranges
                0x0000000000000060       0x20 lib/avr-can-lib/src//libcan.a(mcp2515_send_message.o)
 .debug_aranges
                0x0000000000000080       0x20 lib/avr-can-lib/src//libcan.a(mcp2515_static_filter.o)
 .debug_aranges
                0x00000000000000a0       0x20 lib/avr-can-lib/src//libcan.a(mcp2515_write_id.o)
 .debug_aranges
                0x00000000000000c0       0x20 lib/avr-can-lib/src//libcan.a(mcp2515_read_id.o)
 .debug_aranges
                0x00000000000000e0       0x20 lib/avr-can-lib/src//libcan.a(mcp2515_error_register.o)
 .debug_aranges
                0x0000000000000100       0x20 lib/avr-can-lib/src//libcan.a(spi.o)

.debug_pubnames
 *(.debug_pubnames)

.debug_info     0x0000000000000000     0x18f6
 *(.debug_info .gnu.linkonce.wi.*)
 .debug_info    0x0000000000000000      0x5f4 /usr/lib/gcc/avr/8.3.0/../../../../avr/lib/avr5/crtatmega328p.o
 .debug_info    0x00000000000005f4      0x5b0 lib/avr-can-lib/src//libcan.a(mcp2515.o)
 .debug_info    0x0000000000000ba4       0xe5 lib/avr-can-lib/src//libcan.a(mcp2515_buffer.o)
 .debug_info    0x0000000000000c89      0x279 lib/avr-can-lib/src//libcan.a(mcp2515_get_message.o)
 .debug_info    0x0000000000000f02      0x2ef lib/avr-can-lib/src//libcan.a(mcp2515_send_message.o)
 .debug_info    0x00000000000011f1      0x1f9 lib/avr-can-lib/src//libcan.a(mcp2515_static_filter.o)
 .debug_info    0x00000000000013ea      0x16a lib/avr-can-lib/src//libcan.a(mcp2515_write_id.o)
 .debug_info    0x0000000000001554      0x1db lib/avr-can-lib/src//libcan.a(mcp2515_read_id.o)
 .debug_info    0x000000000000172f      0x10b lib/avr-can-lib/src//libcan.a(mcp2515_error_register.o)
 .debug_info    0x000000000000183a       0xbc lib/avr-can-lib/src//libcan.a(spi.o)

.debug_abbrev   0x0000000000000000     0x1027
 *(.debug_abbrev)
 .debug_abbrev  0x0000000000000000      0x5a2 /usr/lib/gcc/avr/8.3.0/../../../../avr/lib/avr5/crtatmega328p.o
 .debug_abbrev  0x00000000000005a2      0x1f0 lib/avr-can-lib/src//libcan.a(mcp2515.o)
 .debug_abbrev  0x0000000000000792       0xb2 lib/avr-can-lib/src//libcan.a(mcp2515_buffer.o)
 .debug_abbrev  0x0000000000000844      0x142 lib/avr-can-lib/src//libcan.a(mcp2515_get_message.o)
 .debug_abbrev  0x0000000000000986      0x1cf lib/avr-can-lib/src//libcan.a(mcp2515_send_message.o)
 .debug_abbrev  0x0000000000000b55       0xf2 lib/avr-can-lib/src//libcan.a(mcp2515_static_filter.o)
 .debug_abbrev  0x0000000000000c47      0x142 lib/avr-can-lib/src//libcan.a(mcp2515_write_id.o)
 .debug_abbrev  0x0000000000000d89      0x147 lib/avr-can-lib/src//libcan.a(mcp2515_read_id.o)
 .debug_abbrev  0x0000000000000ed0       0xd2 lib/avr-can-lib/src//libcan.a(mcp2515_error_register.o)
 .debug_abbrev  0x0000000000000fa2       0x85 lib/avr-can-lib/src//libcan.a(spi.o)

.debug_line     0x0000000000000000     0x1053
 *(.debug_line .debug_line.* .debug_line_end)
 .debug_line    0x0000000000000000       0x1d /usr/lib/gcc/avr/8.3.0/../../../../avr/lib/avr5/crtatmega328p.o
 .debug_line    0x000000000000001d      0x41b lib/avr-can-lib/src//libcan.a(mcp2515.o)
 .debug_line    0x0000000000000438       0xd0 lib/avr-can-lib/src//libcan.a(mcp2515_buffer.o)
 .debug_line    0x0000000000000508      0x268 lib/avr-can-lib/src//libcan.a(mcp2515_get_message.o)
 .debug_line    0x0000000000000770      0x25e lib/avr-can-lib/src//libcan.a(mcp2515_send_message.o)
 .debug_line    0x00000000000009ce      0x1d8 lib/avr-can-lib/src//libcan.a(mcp2515_static_filter.o)
 .debug_line    0x0000000000000ba6      0x10a lib/avr-can-lib/src//libcan.a(mcp2515_write_id.o)
 .debug_line    0x0000000000000cb0      0x202 lib/avr-can-lib/src//libcan.a(mcp2515_read_id.o)
 .debug_line    0x0000000000000eb2       0xca lib/avr-can-lib/src//libcan.a(mcp2515_error_register.o)
 .debug_line    0x0000000000000f7c       0xd7 lib/avr-can-lib/src//libcan.a(spi.o)

.debug_frame    0x0000000000000000      0x264
 *(.debug_frame)
 .debug_frame   0x0000000000000000       0xac lib/avr-can-lib/src//libcan.a(mcp2515.o)
 .debug_frame   0x00000000000000ac       0x34 lib/avr-can-lib/src//libcan.a(mcp2515_buffer.o)
 .debug_frame   0x00000000000000e0       0x48 lib/avr-can-lib/src//libcan.a(mcp2515_get_message.o)
 .debug_frame   0x0000000000000128       0x44 lib/avr-can-lib/src//libcan.a(mcp2515_send_message.o)
 .debug_frame   0x000000000000016c       0x3c lib/avr-can-lib/src//libcan.a(mcp2515_static_filter.o)
 .debug_frame   0x00000000000001a8       0x24 lib/avr-can-lib/src//libcan.a(mcp2515_write_id.o)
 .debug_frame   0x00000000000001cc       0x38 lib/avr-can-lib/src//libcan.a(mcp2515_read_id.o)
 .debug_frame   0x0000000000000204       0x2c lib/avr-can-lib/src//libcan.a(mcp2515_error_register.o)
 .debug_frame   0x0000000000000230       0x34 lib/avr-can-lib/src//libcan.a(spi.o)

.debug_str      0x0000000000000000      0x658
 *(.debug_str)
 .debug_str     0x0000000000000000      0x208 /usr/lib/gcc/avr/8.3.0/../../../../avr/lib/avr5/crtatmega328p.o
 .debug_str     0x0000000000000208      0x2c5 lib/avr-can-lib/src//libcan.a(mcp2515.o)
                                        0x2f9 (size before relaxing)
 .debug_str     0x00000000000004cd       0x39 lib/avr-can-lib/src//libcan.a(mcp2515_buffer.o)
                                        0x1a4 (size before relaxing)
 .debug_str     0x0000000000000506       0x4e lib/avr-can-lib/src//libcan.a(mcp2515_get_message.o)
                                        0x1dd (size before relaxing)
 .debug_str     0x0000000000000554       0x50 lib/avr-can-lib/src//libcan.a(mcp2515_send_message.o)
                                        0x21b (size before relaxing)
 .debug_str     0x00000000000005a4       0x2a lib/avr-can-lib/src//libcan.a(mcp2515_static_filter.o)
                                        0x1df (size before relaxing)
 .debug_str     0x00000000000005ce       0x26 lib/avr-can-lib/src//libcan.a(mcp2515_write_id.o)
                                        0x198 (size before relaxing)
 .debug_str     0x00000000000005f4       0x18 lib/avr-can-lib/src//libcan.a(mcp2515_read_id.o)
                                        0x19c (size before relaxing)
 .debug_str     0x000000000000060c       0x46 lib/avr-can-lib/src//libcan.a(mcp2515_error_register.o)
                                        0x1ac (size before relaxing)
 .debug_str     0x0000000000000652        0x6 lib/avr-can-lib/src//libcan.a(spi.o)
                                        0x16f (size before relaxing)

.debug_loc      0x0000000000000000      0xa83
 *(.debug_loc)
 .debug_loc     0x0000000000000000      0x474 lib/avr-can-lib/src//libcan.a(mcp2515.o)
 .debug_loc     0x0000000000000474       0x15 lib/avr-can-lib/src//libcan.a(mcp2515_buffer.o)
 .debug_loc     0x0000000000000489      0x179 lib/avr-can-lib/src//libcan.a(mcp2515_get_message.o)
 .debug_loc     0x0000000000000602      0x17a lib/avr-can-lib/src//libcan.a(mcp2515_send_message.o)
 .debug_loc     0x000000000000077c      0x117 lib/avr-can-lib/src//libcan.a(mcp2515_static_filter.o)
 .debug_loc     0x0000000000000893       0x66 lib/avr-can-lib/src//libcan.a(mcp2515_write_id.o)
 .debug_loc     0x00000000000008f9      0x109 lib/avr-can-lib/src//libcan.a(mcp2515_read_id.o)
 .debug_loc     0x0000000000000a02       0x5e lib/avr-can-lib/src//libcan.a(mcp2515_error_register.o)
 .debug_loc     0x0000000000000a60       0x23 lib/avr-can-lib/src//libcan.a(spi.o)

.debug_macinfo
 *(.debug_macinfo)

.debug_weaknames
 *(.debug_weaknames)

.debug_funcnames
 *(.debug_funcnames)

.debug_typenames
 *(.debug_typenames)

.debug_varnames
 *(.debug_varnames)

.debug_pubtypes
 *(.debug_pubtypes)

.debug_ranges   0x0000000000000000       0x30
 *(.debug_ranges)
 .debug_ranges  0x0000000000000000       0x18 lib/avr-can-lib/src//libcan.a(mcp2515.o)
 .debug_ranges  0x0000000000000018       0x18 lib/avr-can-lib/src//libcan.a(mcp2515_get_message.o)

.debug_macro
 *(.debug_macro)

.debug_addr
 *(.debug_addr)
OUTPUT(bin/firmware.elf elf32-avr)
LOAD linker stubs
